// Jest Snapshot v1, https://goo.gl/fbAQLP

exports[`ButtonDraw component Should render a ButtonDraw component. 1`] = `
ShallowWrapper {
  "complexSelector": ComplexSelector {
    "buildPredicate": [Function],
    "childrenOfNode": [Function],
    "findWhereUnwrapped": [Function],
  },
  "length": 1,
  "node": <div
    className="m-button-draw "
>
    <Button
        class_name="m-button-draw__decrement"
        click_handler={undefined}
        text="-"
    />
    <Button
        class_name="m-button-draw__button"
        click_handler={undefined}
        text="Draw undefined cards"
    />
    <Button
        class_name="m-button-draw__increment"
        click_handler={undefined}
        text="+"
    />
</div>,
  "nodes": Array [
    <div
      className="m-button-draw "
>
      <Button
            class_name="m-button-draw__decrement"
            click_handler={undefined}
            text="-"
      />
      <Button
            class_name="m-button-draw__button"
            click_handler={undefined}
            text="Draw undefined cards"
      />
      <Button
            class_name="m-button-draw__increment"
            click_handler={undefined}
            text="+"
      />
</div>,
  ],
  "options": Object {},
  "renderer": ReactShallowRenderer {
    "_instance": ShallowComponentWrapper {
      "_calledComponentWillUnmount": false,
      "_compositeType": 2,
      "_context": Object {},
      "_currentElement": <ButtonDraw />,
      "_debugID": 10,
      "_hostContainerInfo": null,
      "_hostParent": null,
      "_instance": StatelessComponent {
        "_reactInternalInstance": [Circular],
        "context": Object {},
        "props": Object {},
        "refs": Object {},
        "state": null,
        "updater": Object {
          "enqueueCallback": [Function],
          "enqueueCallbackInternal": [Function],
          "enqueueElementInternal": [Function],
          "enqueueForceUpdate": [Function],
          "enqueueReplaceState": [Function],
          "enqueueSetState": [Function],
          "isMounted": [Function],
          "validateCallback": [Function],
        },
      },
      "_mountOrder": 1,
      "_pendingCallbacks": null,
      "_pendingElement": null,
      "_pendingForceUpdate": false,
      "_pendingReplaceState": false,
      "_pendingStateQueue": null,
      "_renderedComponent": NoopInternalComponent {
        "_currentElement": <div
          className="m-button-draw "
>
          <Button
                    class_name="m-button-draw__decrement"
                    click_handler={undefined}
                    text="-"
          />
          <Button
                    class_name="m-button-draw__button"
                    click_handler={undefined}
                    text="Draw undefined cards"
          />
          <Button
                    class_name="m-button-draw__increment"
                    click_handler={undefined}
                    text="+"
          />
</div>,
        "_debugID": 11,
        "_renderedOutput": <div
          className="m-button-draw "
>
          <Button
                    class_name="m-button-draw__decrement"
                    click_handler={undefined}
                    text="-"
          />
          <Button
                    class_name="m-button-draw__button"
                    click_handler={undefined}
                    text="Draw undefined cards"
          />
          <Button
                    class_name="m-button-draw__increment"
                    click_handler={undefined}
                    text="+"
          />
</div>,
      },
      "_renderedNodeType": 0,
      "_rootNodeID": 0,
      "_topLevelWrapper": null,
      "_updateBatchNumber": null,
      "_warnedAboutRefsInRender": false,
    },
    "getRenderOutput": [Function],
    "render": [Function],
  },
  "root": [Circular],
  "unrendered": <ButtonDraw />,
}
`;
